Archive member included to satisfy reference by file (symbol)

/home/arturo/intelFPGA_lite/17.0/nios2eds/bin/gnu/H-x86_64-pc-linux-gnu/bin/../lib/gcc/nios2-elf/5.3.0/mno-hw-mul/libgcc.a(lib2-divmod.o)
                              obj/default/hello_world_small.o (__divsi3)
/home/arturo/intelFPGA_lite/17.0/nios2eds/bin/gnu/H-x86_64-pc-linux-gnu/bin/../lib/gcc/nios2-elf/5.3.0/mno-hw-mul/libgcc.a(lib2-mul.o)
                              obj/default/hello_world_small.o (__mulsi3)
/home/arturo/intelFPGA_lite/17.0/nios2eds/bin/gnu/H-x86_64-pc-linux-gnu/bin/../lib/gcc/nios2-elf/5.3.0/../../../../../H-x86_64-pc-linux-gnu/nios2-elf/lib/mno-hw-mul/libsmallc.a(lib_a-printf.o)
                              obj/default/hello_world_small.o (printf)
/home/arturo/intelFPGA_lite/17.0/nios2eds/bin/gnu/H-x86_64-pc-linux-gnu/bin/../lib/gcc/nios2-elf/5.3.0/../../../../../H-x86_64-pc-linux-gnu/nios2-elf/lib/mno-hw-mul/libsmallc.a(lib_a-vfprintf.o)
                              /home/arturo/intelFPGA_lite/17.0/nios2eds/bin/gnu/H-x86_64-pc-linux-gnu/bin/../lib/gcc/nios2-elf/5.3.0/../../../../../H-x86_64-pc-linux-gnu/nios2-elf/lib/mno-hw-mul/libsmallc.a(lib_a-printf.o) (___vfprintf_internal_r)
/home/arturo/intelFPGA_lite/17.0/nios2eds/bin/gnu/H-x86_64-pc-linux-gnu/bin/../lib/gcc/nios2-elf/5.3.0/../../../../../H-x86_64-pc-linux-gnu/nios2-elf/lib/mno-hw-mul/libsmallc.a(lib_a-fvwrite_small_dev.o)
                              /home/arturo/intelFPGA_lite/17.0/nios2eds/bin/gnu/H-x86_64-pc-linux-gnu/bin/../lib/gcc/nios2-elf/5.3.0/../../../../../H-x86_64-pc-linux-gnu/nios2-elf/lib/mno-hw-mul/libsmallc.a(lib_a-printf.o) (__sfvwrite_small_dev)
/home/arturo/intelFPGA_lite/17.0/nios2eds/bin/gnu/H-x86_64-pc-linux-gnu/bin/../lib/gcc/nios2-elf/5.3.0/../../../../../H-x86_64-pc-linux-gnu/nios2-elf/lib/mno-hw-mul/libsmallc.a(lib_a-impure.o)
                              /home/arturo/intelFPGA_lite/17.0/nios2eds/bin/gnu/H-x86_64-pc-linux-gnu/bin/../lib/gcc/nios2-elf/5.3.0/../../../../../H-x86_64-pc-linux-gnu/nios2-elf/lib/mno-hw-mul/libsmallc.a(lib_a-printf.o) (_impure_ptr)
/home/arturo/intelFPGA_lite/17.0/nios2eds/bin/gnu/H-x86_64-pc-linux-gnu/bin/../lib/gcc/nios2-elf/5.3.0/../../../../../H-x86_64-pc-linux-gnu/nios2-elf/lib/mno-hw-mul/libsmallc.a(lib_a-strlen.o)
                              /home/arturo/intelFPGA_lite/17.0/nios2eds/bin/gnu/H-x86_64-pc-linux-gnu/bin/../lib/gcc/nios2-elf/5.3.0/../../../../../H-x86_64-pc-linux-gnu/nios2-elf/lib/mno-hw-mul/libsmallc.a(lib_a-vfprintf.o) (strlen)
/home/arturo/intelFPGA_lite/17.0/nios2eds/bin/gnu/H-x86_64-pc-linux-gnu/bin/../lib/gcc/nios2-elf/5.3.0/../../../../../H-x86_64-pc-linux-gnu/nios2-elf/lib/mno-hw-mul/libsmallc.a(lib_a-writer.o)
                              /home/arturo/intelFPGA_lite/17.0/nios2eds/bin/gnu/H-x86_64-pc-linux-gnu/bin/../lib/gcc/nios2-elf/5.3.0/../../../../../H-x86_64-pc-linux-gnu/nios2-elf/lib/mno-hw-mul/libsmallc.a(lib_a-fvwrite_small_dev.o) (_write_r)
/home/arturo/intelFPGA_lite/17.0/nios2eds/bin/gnu/H-x86_64-pc-linux-gnu/bin/../lib/gcc/nios2-elf/5.3.0/../../../../../H-x86_64-pc-linux-gnu/nios2-elf/lib/mno-hw-mul/libsmallc.a(lib_a-int_errno.o)
                              /home/arturo/intelFPGA_lite/17.0/nios2eds/bin/gnu/H-x86_64-pc-linux-gnu/bin/../lib/gcc/nios2-elf/5.3.0/../../../../../H-x86_64-pc-linux-gnu/nios2-elf/lib/mno-hw-mul/libsmallc.a(lib_a-writer.o) (errno)
../clock_bsp//libhal_bsp.a(alt_busy_sleep.o)
                              obj/default/hello_world_small.o (alt_busy_sleep)
../clock_bsp//libhal_bsp.a(alt_load.o)
                              ../clock_bsp//obj/HAL/src/crt0.o (alt_load)
../clock_bsp//libhal_bsp.a(alt_main.o)
                              ../clock_bsp//obj/HAL/src/crt0.o (alt_main)
../clock_bsp//libhal_bsp.a(alt_putstr.o)
                              obj/default/hello_world_small.o (alt_putstr)
../clock_bsp//libhal_bsp.a(alt_write.o)
                              /home/arturo/intelFPGA_lite/17.0/nios2eds/bin/gnu/H-x86_64-pc-linux-gnu/bin/../lib/gcc/nios2-elf/5.3.0/../../../../../H-x86_64-pc-linux-gnu/nios2-elf/lib/mno-hw-mul/libsmallc.a(lib_a-writer.o) (write)
../clock_bsp//libhal_bsp.a(alt_sys_init.o)
                              ../clock_bsp//libhal_bsp.a(alt_main.o) (alt_irq_init)
../clock_bsp//libhal_bsp.a(altera_avalon_jtag_uart_write.o)
                              ../clock_bsp//libhal_bsp.a(alt_putstr.o) (altera_avalon_jtag_uart_write)
../clock_bsp//libhal_bsp.a(alt_dcache_flush_all.o)
                              ../clock_bsp//libhal_bsp.a(alt_load.o) (alt_dcache_flush_all)
../clock_bsp//libhal_bsp.a(alt_errno.o)
                              ../clock_bsp//libhal_bsp.a(alt_write.o) (alt_errno)
../clock_bsp//libhal_bsp.a(alt_icache_flush_all.o)
                              ../clock_bsp//libhal_bsp.a(alt_load.o) (alt_icache_flush_all)
../clock_bsp//libhal_bsp.a(altera_nios2_gen2_irq.o)
                              ../clock_bsp//libhal_bsp.a(alt_sys_init.o) (altera_nios2_gen2_irq_init)

Allocating common symbols
Common symbol       size              file

errno               0x4               /home/arturo/intelFPGA_lite/17.0/nios2eds/bin/gnu/H-x86_64-pc-linux-gnu/bin/../lib/gcc/nios2-elf/5.3.0/../../../../../H-x86_64-pc-linux-gnu/nios2-elf/lib/mno-hw-mul/libsmallc.a(lib_a-int_errno.o)

Memory Configuration

Name             Origin             Length             Attributes
reset            0x0000000000004000 0x0000000000000020
ram              0x0000000000004020 0x0000000000003fe0
*default*        0x0000000000000000 0xffffffffffffffff

Linker script and memory map

LOAD ../clock_bsp//obj/HAL/src/crt0.o
LOAD obj/default/hello_world_small.o
LOAD /home/arturo/intelFPGA_lite/17.0/nios2eds/bin/gnu/H-x86_64-pc-linux-gnu/bin/../lib/gcc/nios2-elf/5.3.0/../../../../../H-x86_64-pc-linux-gnu/nios2-elf/lib/mno-hw-mul/libstdc++.a
LOAD /home/arturo/intelFPGA_lite/17.0/nios2eds/bin/gnu/H-x86_64-pc-linux-gnu/bin/../lib/gcc/nios2-elf/5.3.0/../../../../../H-x86_64-pc-linux-gnu/nios2-elf/lib/mno-hw-mul/libm.a
LOAD /home/arturo/intelFPGA_lite/17.0/nios2eds/bin/gnu/H-x86_64-pc-linux-gnu/bin/../lib/gcc/nios2-elf/5.3.0/mno-hw-mul/libgcc.a
START GROUP
LOAD /home/arturo/intelFPGA_lite/17.0/nios2eds/bin/gnu/H-x86_64-pc-linux-gnu/bin/../lib/gcc/nios2-elf/5.3.0/../../../../../H-x86_64-pc-linux-gnu/nios2-elf/lib/mno-hw-mul/libsmallc.a
LOAD /home/arturo/intelFPGA_lite/17.0/nios2eds/bin/gnu/H-x86_64-pc-linux-gnu/bin/../lib/gcc/nios2-elf/5.3.0/mno-hw-mul/libgcc.a
LOAD ../clock_bsp//libhal_bsp.a
LOAD /home/arturo/intelFPGA_lite/17.0/nios2eds/bin/gnu/H-x86_64-pc-linux-gnu/bin/../lib/gcc/nios2-elf/5.3.0/../../../../../H-x86_64-pc-linux-gnu/nios2-elf/lib/mno-hw-mul/libm.a
END GROUP
LOAD /home/arturo/intelFPGA_lite/17.0/nios2eds/bin/gnu/H-x86_64-pc-linux-gnu/bin/../lib/gcc/nios2-elf/5.3.0/mno-hw-mul/libgcc.a
                0x0000000000004000                __alt_mem_ram = 0x4000

.entry          0x0000000000004000       0x20
 *(.entry)
 .entry         0x0000000000004000       0x20 ../clock_bsp//obj/HAL/src/crt0.o
                0x0000000000004000                __reset
                0x000000000000400c                _exit

.exceptions     0x0000000000004020        0x0
                0x0000000000004020                PROVIDE (__ram_exceptions_start, ABSOLUTE (.))
                0x0000000000004020                . = ALIGN (0x20)
 *(.irq)
 *(.exceptions.entry.label)
 *(.exceptions.entry.user)
 *(.exceptions.entry.ecc_fatal)
 *(.exceptions.entry)
 *(.exceptions.irqtest.user)
 *(.exceptions.irqtest)
 *(.exceptions.irqhandler.user)
 *(.exceptions.irqhandler)
 *(.exceptions.irqreturn.user)
 *(.exceptions.irqreturn)
 *(.exceptions.notirq.label)
 *(.exceptions.notirq.user)
 *(.exceptions.notirq)
 *(.exceptions.soft.user)
 *(.exceptions.soft)
 *(.exceptions.unknown.user)
 *(.exceptions.unknown)
 *(.exceptions.exit.label)
 *(.exceptions.exit.user)
 *(.exceptions.exit)
 *(.exceptions)
                0x0000000000004020                PROVIDE (__ram_exceptions_end, ABSOLUTE (.))
                0x0000000000004020                PROVIDE (__flash_exceptions_start, LOADADDR (.exceptions))

.text           0x0000000000004020     0x107c
                [!provide]                        PROVIDE (stext, ABSOLUTE (.))
 *(.interp)
 *(.hash)
 *(.dynsym)
 *(.dynstr)
 *(.gnu.version)
 *(.gnu.version_d)
 *(.gnu.version_r)
 *(.rel.init)
 *(.rela.init)
 *(.rel.text .rel.text.* .rel.gnu.linkonce.t.*)
 *(.rela.text .rela.text.* .rela.gnu.linkonce.t.*)
 *(.rel.fini)
 *(.rela.fini)
 *(.rel.rodata .rel.rodata.* .rel.gnu.linkonce.r.*)
 *(.rela.rodata .rela.rodata.* .rela.gnu.linkonce.r.*)
 *(.rel.data .rel.data.* .rel.gnu.linkonce.d.*)
 *(.rela.data .rela.data.* .rela.gnu.linkonce.d.*)
 *(.rel.tdata .rel.tdata.* .rel.gnu.linkonce.td.*)
 *(.rela.tdata .rela.tdata.* .rela.gnu.linkonce.td.*)
 *(.rel.tbss .rel.tbss.* .rel.gnu.linkonce.tb.*)
 *(.rela.tbss .rela.tbss.* .rela.gnu.linkonce.tb.*)
 *(.rel.ctors)
 *(.rela.ctors)
 *(.rel.dtors)
 *(.rela.dtors)
 *(.rel.got)
 *(.rela.got)
 *(.rel.sdata .rel.sdata.* .rel.gnu.linkonce.s.*)
 *(.rela.sdata .rela.sdata.* .rela.gnu.linkonce.s.*)
 *(.rel.sbss .rel.sbss.* .rel.gnu.linkonce.sb.*)
 *(.rela.sbss .rela.sbss.* .rela.gnu.linkonce.sb.*)
 *(.rel.sdata2 .rel.sdata2.* .rel.gnu.linkonce.s2.*)
 *(.rela.sdata2 .rela.sdata2.* .rela.gnu.linkonce.s2.*)
 *(.rel.sbss2 .rel.sbss2.* .rel.gnu.linkonce.sb2.*)
 *(.rela.sbss2 .rela.sbss2.* .rela.gnu.linkonce.sb2.*)
 *(.rel.bss .rel.bss.* .rel.gnu.linkonce.b.*)
 *(.rela.bss .rela.bss.* .rela.gnu.linkonce.b.*)
 *(.rel.plt)
 *(.rela.plt)
 *(.rel.dyn)
 *(.init)
 *(.plt)
 *(.text .stub .text.* .gnu.linkonce.t.*)
 .text          0x0000000000004020       0x3c ../clock_bsp//obj/HAL/src/crt0.o
                0x0000000000004020                _start
 .text          0x000000000000405c      0x3b0 obj/default/hello_world_small.o
                0x000000000000405c                SetNullHour
                0x0000000000004074                SetNullMinute
                0x000000000000408c                SetNullSecond
                0x00000000000040a4                SetSegment
                0x0000000000004140                SetHour
                0x0000000000004188                SetMinute
                0x00000000000041d0                SetSecond
                0x0000000000004218                Clock
                0x00000000000042b8                blinker
                0x0000000000004314                Timer
                0x00000000000043c4                ClearClock
                0x00000000000043fc                ReadNios
                0x0000000000004404                WriteNios
 .text.startup  0x000000000000440c       0xb8 obj/default/hello_world_small.o
                0x000000000000440c                main
 .text          0x00000000000044c4      0x1b4 /home/arturo/intelFPGA_lite/17.0/nios2eds/bin/gnu/H-x86_64-pc-linux-gnu/bin/../lib/gcc/nios2-elf/5.3.0/mno-hw-mul/libgcc.a(lib2-divmod.o)
                0x00000000000044c4                __divsi3
                0x0000000000004548                __modsi3
                0x00000000000045bc                __udivsi3
                0x0000000000004620                __umodsi3
 .text          0x0000000000004678       0x28 /home/arturo/intelFPGA_lite/17.0/nios2eds/bin/gnu/H-x86_64-pc-linux-gnu/bin/../lib/gcc/nios2-elf/5.3.0/mno-hw-mul/libgcc.a(lib2-mul.o)
                0x0000000000004678                __mulsi3
 .text          0x00000000000046a0        0x0 /home/arturo/intelFPGA_lite/17.0/nios2eds/bin/gnu/H-x86_64-pc-linux-gnu/bin/../lib/gcc/nios2-elf/5.3.0/../../../../../H-x86_64-pc-linux-gnu/nios2-elf/lib/mno-hw-mul/libsmallc.a(lib_a-printf.o)
 .text._printf_r
                0x00000000000046a0       0x3c /home/arturo/intelFPGA_lite/17.0/nios2eds/bin/gnu/H-x86_64-pc-linux-gnu/bin/../lib/gcc/nios2-elf/5.3.0/../../../../../H-x86_64-pc-linux-gnu/nios2-elf/lib/mno-hw-mul/libsmallc.a(lib_a-printf.o)
                0x00000000000046a0                _printf_r
 .text.printf   0x00000000000046dc       0x4c /home/arturo/intelFPGA_lite/17.0/nios2eds/bin/gnu/H-x86_64-pc-linux-gnu/bin/../lib/gcc/nios2-elf/5.3.0/../../../../../H-x86_64-pc-linux-gnu/nios2-elf/lib/mno-hw-mul/libsmallc.a(lib_a-printf.o)
                0x00000000000046dc                printf
 .text          0x0000000000004728        0x0 /home/arturo/intelFPGA_lite/17.0/nios2eds/bin/gnu/H-x86_64-pc-linux-gnu/bin/../lib/gcc/nios2-elf/5.3.0/../../../../../H-x86_64-pc-linux-gnu/nios2-elf/lib/mno-hw-mul/libsmallc.a(lib_a-vfprintf.o)
 .text.print_repeat
                0x0000000000004728       0x6c /home/arturo/intelFPGA_lite/17.0/nios2eds/bin/gnu/H-x86_64-pc-linux-gnu/bin/../lib/gcc/nios2-elf/5.3.0/../../../../../H-x86_64-pc-linux-gnu/nios2-elf/lib/mno-hw-mul/libsmallc.a(lib_a-vfprintf.o)
 .text.___vfprintf_internal_r
                0x0000000000004794      0x52c /home/arturo/intelFPGA_lite/17.0/nios2eds/bin/gnu/H-x86_64-pc-linux-gnu/bin/../lib/gcc/nios2-elf/5.3.0/../../../../../H-x86_64-pc-linux-gnu/nios2-elf/lib/mno-hw-mul/libsmallc.a(lib_a-vfprintf.o)
                0x0000000000004794                ___vfprintf_internal_r
 .text.__vfprintf_internal
                0x0000000000004cc0       0x1c /home/arturo/intelFPGA_lite/17.0/nios2eds/bin/gnu/H-x86_64-pc-linux-gnu/bin/../lib/gcc/nios2-elf/5.3.0/../../../../../H-x86_64-pc-linux-gnu/nios2-elf/lib/mno-hw-mul/libsmallc.a(lib_a-vfprintf.o)
                0x0000000000004cc0                __vfprintf_internal
 .text          0x0000000000004cdc        0x0 /home/arturo/intelFPGA_lite/17.0/nios2eds/bin/gnu/H-x86_64-pc-linux-gnu/bin/../lib/gcc/nios2-elf/5.3.0/../../../../../H-x86_64-pc-linux-gnu/nios2-elf/lib/mno-hw-mul/libsmallc.a(lib_a-fvwrite_small_dev.o)
 .text.__sfvwrite_small_dev
                0x0000000000004cdc       0xb8 /home/arturo/intelFPGA_lite/17.0/nios2eds/bin/gnu/H-x86_64-pc-linux-gnu/bin/../lib/gcc/nios2-elf/5.3.0/../../../../../H-x86_64-pc-linux-gnu/nios2-elf/lib/mno-hw-mul/libsmallc.a(lib_a-fvwrite_small_dev.o)
                0x0000000000004cdc                __sfvwrite_small_dev
 .text          0x0000000000004d94        0x0 /home/arturo/intelFPGA_lite/17.0/nios2eds/bin/gnu/H-x86_64-pc-linux-gnu/bin/../lib/gcc/nios2-elf/5.3.0/../../../../../H-x86_64-pc-linux-gnu/nios2-elf/lib/mno-hw-mul/libsmallc.a(lib_a-impure.o)
 .text          0x0000000000004d94        0x0 /home/arturo/intelFPGA_lite/17.0/nios2eds/bin/gnu/H-x86_64-pc-linux-gnu/bin/../lib/gcc/nios2-elf/5.3.0/../../../../../H-x86_64-pc-linux-gnu/nios2-elf/lib/mno-hw-mul/libsmallc.a(lib_a-strlen.o)
 .text.strlen   0x0000000000004d94       0x1c /home/arturo/intelFPGA_lite/17.0/nios2eds/bin/gnu/H-x86_64-pc-linux-gnu/bin/../lib/gcc/nios2-elf/5.3.0/../../../../../H-x86_64-pc-linux-gnu/nios2-elf/lib/mno-hw-mul/libsmallc.a(lib_a-strlen.o)
                0x0000000000004d94                strlen
 .text          0x0000000000004db0        0x0 /home/arturo/intelFPGA_lite/17.0/nios2eds/bin/gnu/H-x86_64-pc-linux-gnu/bin/../lib/gcc/nios2-elf/5.3.0/../../../../../H-x86_64-pc-linux-gnu/nios2-elf/lib/mno-hw-mul/libsmallc.a(lib_a-writer.o)
 .text._write_r
                0x0000000000004db0       0x58 /home/arturo/intelFPGA_lite/17.0/nios2eds/bin/gnu/H-x86_64-pc-linux-gnu/bin/../lib/gcc/nios2-elf/5.3.0/../../../../../H-x86_64-pc-linux-gnu/nios2-elf/lib/mno-hw-mul/libsmallc.a(lib_a-writer.o)
                0x0000000000004db0                _write_r
 .text          0x0000000000004e08        0x0 /home/arturo/intelFPGA_lite/17.0/nios2eds/bin/gnu/H-x86_64-pc-linux-gnu/bin/../lib/gcc/nios2-elf/5.3.0/../../../../../H-x86_64-pc-linux-gnu/nios2-elf/lib/mno-hw-mul/libsmallc.a(lib_a-int_errno.o)
 .text          0x0000000000004e08       0x88 ../clock_bsp//libhal_bsp.a(alt_busy_sleep.o)
                0x0000000000004e08                alt_busy_sleep
 .text          0x0000000000004e90       0xe0 ../clock_bsp//libhal_bsp.a(alt_load.o)
                0x0000000000004e90                alt_load
 .text          0x0000000000004f70       0x2c ../clock_bsp//libhal_bsp.a(alt_main.o)
                0x0000000000004f70                alt_main
 .text          0x0000000000004f9c       0x38 ../clock_bsp//libhal_bsp.a(alt_putstr.o)
                0x0000000000004f9c                alt_putstr
 .text          0x0000000000004fd4       0x60 ../clock_bsp//libhal_bsp.a(alt_write.o)
                0x0000000000004fd4                write
 .text          0x0000000000005034       0x24 ../clock_bsp//libhal_bsp.a(alt_sys_init.o)
                0x0000000000005034                alt_irq_init
                0x0000000000005054                alt_sys_init
 .text          0x0000000000005058       0x34 ../clock_bsp//libhal_bsp.a(altera_avalon_jtag_uart_write.o)
                0x0000000000005058                altera_avalon_jtag_uart_write
 .text          0x000000000000508c        0x4 ../clock_bsp//libhal_bsp.a(alt_dcache_flush_all.o)
                0x000000000000508c                alt_dcache_flush_all
 .text          0x0000000000005090        0x0 ../clock_bsp//libhal_bsp.a(alt_errno.o)
 .text          0x0000000000005090        0x4 ../clock_bsp//libhal_bsp.a(alt_icache_flush_all.o)
                0x0000000000005090                alt_icache_flush_all
 .text          0x0000000000005094        0x8 ../clock_bsp//libhal_bsp.a(altera_nios2_gen2_irq.o)
                0x0000000000005094                altera_nios2_gen2_irq_init
 *(.gnu.warning.*)
 *(.fini)
                [!provide]                        PROVIDE (__etext, ABSOLUTE (.))
                [!provide]                        PROVIDE (_etext, ABSOLUTE (.))
                [!provide]                        PROVIDE (etext, ABSOLUTE (.))
 *(.eh_frame_hdr)
                0x000000000000509c                . = ALIGN (0x4)
                [!provide]                        PROVIDE (__preinit_array_start, ABSOLUTE (.))
 *(.preinit_array)
                [!provide]                        PROVIDE (__preinit_array_end, ABSOLUTE (.))
                [!provide]                        PROVIDE (__init_array_start, ABSOLUTE (.))
 *(.init_array)
                [!provide]                        PROVIDE (__init_array_end, ABSOLUTE (.))
                [!provide]                        PROVIDE (__fini_array_start, ABSOLUTE (.))
 *(.fini_array)
                [!provide]                        PROVIDE (__fini_array_end, ABSOLUTE (.))
 *(.eh_frame)
 *(.gcc_except_table .gcc_except_table.*)
 *(.dynamic)
                [!provide]                        PROVIDE (__CTOR_LIST__, ABSOLUTE (.))
 *(.ctors)
 *(SORT(.ctors.*))
                [!provide]                        PROVIDE (__CTOR_END__, ABSOLUTE (.))
                [!provide]                        PROVIDE (__DTOR_LIST__, ABSOLUTE (.))
 *(.dtors)
 *(SORT(.dtors.*))
                [!provide]                        PROVIDE (__DTOR_END__, ABSOLUTE (.))
 *(.jcr)
                0x000000000000509c                . = ALIGN (0x4)

.rodata         0x000000000000509c       0x64
                0x000000000000509c                PROVIDE (__ram_rodata_start, ABSOLUTE (.))
                0x000000000000509c                . = ALIGN (0x4)
 *(.rodata .rodata.* .gnu.linkonce.r.*)
 .rodata.str1.4
                0x000000000000509c       0x64 obj/default/hello_world_small.o
 *(.rodata1)
                0x0000000000005100                . = ALIGN (0x4)
                0x0000000000005100                PROVIDE (__ram_rodata_end, ABSOLUTE (.))
                0x000000000000509c                PROVIDE (__flash_rodata_start, LOADADDR (.rodata))

.rwdata         0x0000000000005100       0xf4 load address 0x00000000000051f4
                0x0000000000005100                PROVIDE (__ram_rwdata_start, ABSOLUTE (.))
                0x0000000000005100                . = ALIGN (0x4)
 *(.got.plt)
 *(.got)
 *(.data1)
 *(.data .data.* .gnu.linkonce.d.*)
 .data          0x0000000000005100        0x0 ../clock_bsp//obj/HAL/src/crt0.o
 .data          0x0000000000005100        0x0 obj/default/hello_world_small.o
 .data          0x0000000000005100        0x0 /home/arturo/intelFPGA_lite/17.0/nios2eds/bin/gnu/H-x86_64-pc-linux-gnu/bin/../lib/gcc/nios2-elf/5.3.0/mno-hw-mul/libgcc.a(lib2-divmod.o)
 .data          0x0000000000005100        0x0 /home/arturo/intelFPGA_lite/17.0/nios2eds/bin/gnu/H-x86_64-pc-linux-gnu/bin/../lib/gcc/nios2-elf/5.3.0/mno-hw-mul/libgcc.a(lib2-mul.o)
 .data          0x0000000000005100        0x0 /home/arturo/intelFPGA_lite/17.0/nios2eds/bin/gnu/H-x86_64-pc-linux-gnu/bin/../lib/gcc/nios2-elf/5.3.0/../../../../../H-x86_64-pc-linux-gnu/nios2-elf/lib/mno-hw-mul/libsmallc.a(lib_a-printf.o)
 .data          0x0000000000005100        0x0 /home/arturo/intelFPGA_lite/17.0/nios2eds/bin/gnu/H-x86_64-pc-linux-gnu/bin/../lib/gcc/nios2-elf/5.3.0/../../../../../H-x86_64-pc-linux-gnu/nios2-elf/lib/mno-hw-mul/libsmallc.a(lib_a-vfprintf.o)
 .data          0x0000000000005100        0x0 /home/arturo/intelFPGA_lite/17.0/nios2eds/bin/gnu/H-x86_64-pc-linux-gnu/bin/../lib/gcc/nios2-elf/5.3.0/../../../../../H-x86_64-pc-linux-gnu/nios2-elf/lib/mno-hw-mul/libsmallc.a(lib_a-fvwrite_small_dev.o)
 .data          0x0000000000005100        0x0 /home/arturo/intelFPGA_lite/17.0/nios2eds/bin/gnu/H-x86_64-pc-linux-gnu/bin/../lib/gcc/nios2-elf/5.3.0/../../../../../H-x86_64-pc-linux-gnu/nios2-elf/lib/mno-hw-mul/libsmallc.a(lib_a-impure.o)
 .data.impure_data
                0x0000000000005100       0xe0 /home/arturo/intelFPGA_lite/17.0/nios2eds/bin/gnu/H-x86_64-pc-linux-gnu/bin/../lib/gcc/nios2-elf/5.3.0/../../../../../H-x86_64-pc-linux-gnu/nios2-elf/lib/mno-hw-mul/libsmallc.a(lib_a-impure.o)
 .data          0x00000000000051e0        0x0 /home/arturo/intelFPGA_lite/17.0/nios2eds/bin/gnu/H-x86_64-pc-linux-gnu/bin/../lib/gcc/nios2-elf/5.3.0/../../../../../H-x86_64-pc-linux-gnu/nios2-elf/lib/mno-hw-mul/libsmallc.a(lib_a-strlen.o)
 .data          0x00000000000051e0        0x0 /home/arturo/intelFPGA_lite/17.0/nios2eds/bin/gnu/H-x86_64-pc-linux-gnu/bin/../lib/gcc/nios2-elf/5.3.0/../../../../../H-x86_64-pc-linux-gnu/nios2-elf/lib/mno-hw-mul/libsmallc.a(lib_a-writer.o)
 .data          0x00000000000051e0        0x0 /home/arturo/intelFPGA_lite/17.0/nios2eds/bin/gnu/H-x86_64-pc-linux-gnu/bin/../lib/gcc/nios2-elf/5.3.0/../../../../../H-x86_64-pc-linux-gnu/nios2-elf/lib/mno-hw-mul/libsmallc.a(lib_a-int_errno.o)
 .data          0x00000000000051e0        0x0 ../clock_bsp//libhal_bsp.a(alt_busy_sleep.o)
 .data          0x00000000000051e0        0x0 ../clock_bsp//libhal_bsp.a(alt_load.o)
 .data          0x00000000000051e0        0x0 ../clock_bsp//libhal_bsp.a(alt_main.o)
 .data          0x00000000000051e0        0x0 ../clock_bsp//libhal_bsp.a(alt_putstr.o)
 .data          0x00000000000051e0        0x0 ../clock_bsp//libhal_bsp.a(alt_write.o)
 .data          0x00000000000051e0        0x0 ../clock_bsp//libhal_bsp.a(alt_sys_init.o)
 .data          0x00000000000051e0        0x0 ../clock_bsp//libhal_bsp.a(altera_avalon_jtag_uart_write.o)
 .data          0x00000000000051e0        0x0 ../clock_bsp//libhal_bsp.a(alt_dcache_flush_all.o)
 .data          0x00000000000051e0        0x0 ../clock_bsp//libhal_bsp.a(alt_errno.o)
 .data          0x00000000000051e0        0x0 ../clock_bsp//libhal_bsp.a(alt_icache_flush_all.o)
 .data          0x00000000000051e0        0x0 ../clock_bsp//libhal_bsp.a(altera_nios2_gen2_irq.o)
                0x000000000000d1e0                _gp = ABSOLUTE ((. + 0x8000))
                [!provide]                        PROVIDE (gp, _gp)
 *(.rwdata .rwdata.*)
 *(.sdata .sdata.* .gnu.linkonce.s.*)
 .sdata         0x00000000000051e0        0x4 obj/default/hello_world_small.o
                0x00000000000051e0                cont
 .sdata._global_impure_ptr
                0x00000000000051e4        0x4 /home/arturo/intelFPGA_lite/17.0/nios2eds/bin/gnu/H-x86_64-pc-linux-gnu/bin/../lib/gcc/nios2-elf/5.3.0/../../../../../H-x86_64-pc-linux-gnu/nios2-elf/lib/mno-hw-mul/libsmallc.a(lib_a-impure.o)
                0x00000000000051e4                _global_impure_ptr
 .sdata._impure_ptr
                0x00000000000051e8        0x4 /home/arturo/intelFPGA_lite/17.0/nios2eds/bin/gnu/H-x86_64-pc-linux-gnu/bin/../lib/gcc/nios2-elf/5.3.0/../../../../../H-x86_64-pc-linux-gnu/nios2-elf/lib/mno-hw-mul/libsmallc.a(lib_a-impure.o)
                0x00000000000051e8                _impure_ptr
 .sdata         0x00000000000051ec        0x4 ../clock_bsp//libhal_bsp.a(alt_sys_init.o)
                0x00000000000051ec                jtag_uart
 .sdata         0x00000000000051f0        0x4 ../clock_bsp//libhal_bsp.a(alt_errno.o)
                0x00000000000051f0                alt_errno
 *(.sdata2 .sdata2.* .gnu.linkonce.s2.*)
                0x00000000000051f4                . = ALIGN (0x4)
                0x00000000000051f4                _edata = ABSOLUTE (.)
                [!provide]                        PROVIDE (edata, ABSOLUTE (.))
                0x00000000000051f4                PROVIDE (__ram_rwdata_end, ABSOLUTE (.))
                0x00000000000051f4                PROVIDE (__flash_rwdata_start, LOADADDR (.rwdata))

.bss            0x00000000000052e8       0x10
                0x00000000000052e8                __bss_start = ABSOLUTE (.)
                [!provide]                        PROVIDE (__sbss_start, ABSOLUTE (.))
                [!provide]                        PROVIDE (___sbss_start, ABSOLUTE (.))
 *(.dynsbss)
 *(.sbss .sbss.* .gnu.linkonce.sb.*)
 .sbss          0x00000000000052e8        0x4 /home/arturo/intelFPGA_lite/17.0/nios2eds/bin/gnu/H-x86_64-pc-linux-gnu/bin/../lib/gcc/nios2-elf/5.3.0/../../../../../H-x86_64-pc-linux-gnu/nios2-elf/lib/mno-hw-mul/libsmallc.a(lib_a-int_errno.o)
                0x00000000000052e8                errno
 .sbss          0x00000000000052ec        0xc ../clock_bsp//libhal_bsp.a(alt_main.o)
                0x00000000000052ec                alt_envp
                0x00000000000052f0                alt_argv
                0x00000000000052f4                alt_argc
 *(.sbss2 .sbss2.* .gnu.linkonce.sb2.*)
 *(.scommon)
                [!provide]                        PROVIDE (__sbss_end, ABSOLUTE (.))
                [!provide]                        PROVIDE (___sbss_end, ABSOLUTE (.))
 *(.dynbss)
 *(.bss .bss.* .gnu.linkonce.b.*)
 .bss           0x00000000000052f8        0x0 ../clock_bsp//obj/HAL/src/crt0.o
 .bss           0x00000000000052f8        0x0 obj/default/hello_world_small.o
 .bss           0x00000000000052f8        0x0 /home/arturo/intelFPGA_lite/17.0/nios2eds/bin/gnu/H-x86_64-pc-linux-gnu/bin/../lib/gcc/nios2-elf/5.3.0/mno-hw-mul/libgcc.a(lib2-divmod.o)
 .bss           0x00000000000052f8        0x0 /home/arturo/intelFPGA_lite/17.0/nios2eds/bin/gnu/H-x86_64-pc-linux-gnu/bin/../lib/gcc/nios2-elf/5.3.0/mno-hw-mul/libgcc.a(lib2-mul.o)
 .bss           0x00000000000052f8        0x0 /home/arturo/intelFPGA_lite/17.0/nios2eds/bin/gnu/H-x86_64-pc-linux-gnu/bin/../lib/gcc/nios2-elf/5.3.0/../../../../../H-x86_64-pc-linux-gnu/nios2-elf/lib/mno-hw-mul/libsmallc.a(lib_a-printf.o)
 .bss           0x00000000000052f8        0x0 /home/arturo/intelFPGA_lite/17.0/nios2eds/bin/gnu/H-x86_64-pc-linux-gnu/bin/../lib/gcc/nios2-elf/5.3.0/../../../../../H-x86_64-pc-linux-gnu/nios2-elf/lib/mno-hw-mul/libsmallc.a(lib_a-vfprintf.o)
 .bss           0x00000000000052f8        0x0 /home/arturo/intelFPGA_lite/17.0/nios2eds/bin/gnu/H-x86_64-pc-linux-gnu/bin/../lib/gcc/nios2-elf/5.3.0/../../../../../H-x86_64-pc-linux-gnu/nios2-elf/lib/mno-hw-mul/libsmallc.a(lib_a-fvwrite_small_dev.o)
 .bss           0x00000000000052f8        0x0 /home/arturo/intelFPGA_lite/17.0/nios2eds/bin/gnu/H-x86_64-pc-linux-gnu/bin/../lib/gcc/nios2-elf/5.3.0/../../../../../H-x86_64-pc-linux-gnu/nios2-elf/lib/mno-hw-mul/libsmallc.a(lib_a-impure.o)
 .bss           0x00000000000052f8        0x0 /home/arturo/intelFPGA_lite/17.0/nios2eds/bin/gnu/H-x86_64-pc-linux-gnu/bin/../lib/gcc/nios2-elf/5.3.0/../../../../../H-x86_64-pc-linux-gnu/nios2-elf/lib/mno-hw-mul/libsmallc.a(lib_a-strlen.o)
 .bss           0x00000000000052f8        0x0 /home/arturo/intelFPGA_lite/17.0/nios2eds/bin/gnu/H-x86_64-pc-linux-gnu/bin/../lib/gcc/nios2-elf/5.3.0/../../../../../H-x86_64-pc-linux-gnu/nios2-elf/lib/mno-hw-mul/libsmallc.a(lib_a-writer.o)
 .bss           0x00000000000052f8        0x0 /home/arturo/intelFPGA_lite/17.0/nios2eds/bin/gnu/H-x86_64-pc-linux-gnu/bin/../lib/gcc/nios2-elf/5.3.0/../../../../../H-x86_64-pc-linux-gnu/nios2-elf/lib/mno-hw-mul/libsmallc.a(lib_a-int_errno.o)
 .bss           0x00000000000052f8        0x0 ../clock_bsp//libhal_bsp.a(alt_busy_sleep.o)
 .bss           0x00000000000052f8        0x0 ../clock_bsp//libhal_bsp.a(alt_load.o)
 .bss           0x00000000000052f8        0x0 ../clock_bsp//libhal_bsp.a(alt_main.o)
 .bss           0x00000000000052f8        0x0 ../clock_bsp//libhal_bsp.a(alt_putstr.o)
 .bss           0x00000000000052f8        0x0 ../clock_bsp//libhal_bsp.a(alt_write.o)
 .bss           0x00000000000052f8        0x0 ../clock_bsp//libhal_bsp.a(alt_sys_init.o)
 .bss           0x00000000000052f8        0x0 ../clock_bsp//libhal_bsp.a(altera_avalon_jtag_uart_write.o)
 .bss           0x00000000000052f8        0x0 ../clock_bsp//libhal_bsp.a(alt_dcache_flush_all.o)
 .bss           0x00000000000052f8        0x0 ../clock_bsp//libhal_bsp.a(alt_errno.o)
 .bss           0x00000000000052f8        0x0 ../clock_bsp//libhal_bsp.a(alt_icache_flush_all.o)
 .bss           0x00000000000052f8        0x0 ../clock_bsp//libhal_bsp.a(altera_nios2_gen2_irq.o)
 *(COMMON)
                0x00000000000052f8                . = ALIGN (0x4)
                0x00000000000052f8                __bss_end = ABSOLUTE (.)

.ram            0x00000000000052f8        0x0
                [!provide]                        PROVIDE (_alt_partition_ram_start, ABSOLUTE (.))
 *(.ram .ram. ram.*)
                0x00000000000052f8                . = ALIGN (0x4)
                [!provide]                        PROVIDE (_alt_partition_ram_end, ABSOLUTE (.))
                0x00000000000052f8                _end = ABSOLUTE (.)
                0x00000000000052f8                end = ABSOLUTE (.)
                0x00000000000052f8                __alt_stack_base = ABSOLUTE (.)
                [!provide]                        PROVIDE (_alt_partition_ram_load_addr, LOADADDR (.ram))

.stab
 *(.stab)

.stabstr
 *(.stabstr)

.stab.excl
 *(.stab.excl)

.stab.exclstr
 *(.stab.exclstr)

.stab.index
 *(.stab.index)

.stab.indexstr
 *(.stab.indexstr)

.comment        0x0000000000000000       0x23
 *(.comment)
 .comment       0x0000000000000000       0x23 obj/default/hello_world_small.o
                                         0x24 (size before relaxing)
 .comment       0x0000000000000023       0x24 /home/arturo/intelFPGA_lite/17.0/nios2eds/bin/gnu/H-x86_64-pc-linux-gnu/bin/../lib/gcc/nios2-elf/5.3.0/mno-hw-mul/libgcc.a(lib2-divmod.o)
 .comment       0x0000000000000023       0x24 /home/arturo/intelFPGA_lite/17.0/nios2eds/bin/gnu/H-x86_64-pc-linux-gnu/bin/../lib/gcc/nios2-elf/5.3.0/mno-hw-mul/libgcc.a(lib2-mul.o)
 .comment       0x0000000000000023       0x24 /home/arturo/intelFPGA_lite/17.0/nios2eds/bin/gnu/H-x86_64-pc-linux-gnu/bin/../lib/gcc/nios2-elf/5.3.0/../../../../../H-x86_64-pc-linux-gnu/nios2-elf/lib/mno-hw-mul/libsmallc.a(lib_a-printf.o)
 .comment       0x0000000000000023       0x24 /home/arturo/intelFPGA_lite/17.0/nios2eds/bin/gnu/H-x86_64-pc-linux-gnu/bin/../lib/gcc/nios2-elf/5.3.0/../../../../../H-x86_64-pc-linux-gnu/nios2-elf/lib/mno-hw-mul/libsmallc.a(lib_a-vfprintf.o)
 .comment       0x0000000000000023       0x24 /home/arturo/intelFPGA_lite/17.0/nios2eds/bin/gnu/H-x86_64-pc-linux-gnu/bin/../lib/gcc/nios2-elf/5.3.0/../../../../../H-x86_64-pc-linux-gnu/nios2-elf/lib/mno-hw-mul/libsmallc.a(lib_a-fvwrite_small_dev.o)
 .comment       0x0000000000000023       0x24 /home/arturo/intelFPGA_lite/17.0/nios2eds/bin/gnu/H-x86_64-pc-linux-gnu/bin/../lib/gcc/nios2-elf/5.3.0/../../../../../H-x86_64-pc-linux-gnu/nios2-elf/lib/mno-hw-mul/libsmallc.a(lib_a-impure.o)
 .comment       0x0000000000000023       0x24 /home/arturo/intelFPGA_lite/17.0/nios2eds/bin/gnu/H-x86_64-pc-linux-gnu/bin/../lib/gcc/nios2-elf/5.3.0/../../../../../H-x86_64-pc-linux-gnu/nios2-elf/lib/mno-hw-mul/libsmallc.a(lib_a-strlen.o)
 .comment       0x0000000000000023       0x24 /home/arturo/intelFPGA_lite/17.0/nios2eds/bin/gnu/H-x86_64-pc-linux-gnu/bin/../lib/gcc/nios2-elf/5.3.0/../../../../../H-x86_64-pc-linux-gnu/nios2-elf/lib/mno-hw-mul/libsmallc.a(lib_a-writer.o)
 .comment       0x0000000000000023       0x24 /home/arturo/intelFPGA_lite/17.0/nios2eds/bin/gnu/H-x86_64-pc-linux-gnu/bin/../lib/gcc/nios2-elf/5.3.0/../../../../../H-x86_64-pc-linux-gnu/nios2-elf/lib/mno-hw-mul/libsmallc.a(lib_a-int_errno.o)
 .comment       0x0000000000000023       0x24 ../clock_bsp//libhal_bsp.a(alt_busy_sleep.o)
 .comment       0x0000000000000023       0x24 ../clock_bsp//libhal_bsp.a(alt_load.o)
 .comment       0x0000000000000023       0x24 ../clock_bsp//libhal_bsp.a(alt_main.o)
 .comment       0x0000000000000023       0x24 ../clock_bsp//libhal_bsp.a(alt_putstr.o)
 .comment       0x0000000000000023       0x24 ../clock_bsp//libhal_bsp.a(alt_write.o)
 .comment       0x0000000000000023       0x24 ../clock_bsp//libhal_bsp.a(alt_sys_init.o)
 .comment       0x0000000000000023       0x24 ../clock_bsp//libhal_bsp.a(altera_avalon_jtag_uart_write.o)
 .comment       0x0000000000000023       0x24 ../clock_bsp//libhal_bsp.a(alt_dcache_flush_all.o)
 .comment       0x0000000000000023       0x24 ../clock_bsp//libhal_bsp.a(alt_errno.o)
 .comment       0x0000000000000023       0x24 ../clock_bsp//libhal_bsp.a(alt_icache_flush_all.o)
 .comment       0x0000000000000023       0x24 ../clock_bsp//libhal_bsp.a(altera_nios2_gen2_irq.o)

.debug
 *(.debug)

.line
 *(.line)

.debug_srcinfo
 *(.debug_srcinfo)

.debug_sfnames
 *(.debug_sfnames)

.debug_aranges  0x0000000000000000      0x2d0
 *(.debug_aranges)
 .debug_aranges
                0x0000000000000000       0x28 ../clock_bsp//obj/HAL/src/crt0.o
 .debug_aranges
                0x0000000000000028       0x28 obj/default/hello_world_small.o
 .debug_aranges
                0x0000000000000050       0x20 /home/arturo/intelFPGA_lite/17.0/nios2eds/bin/gnu/H-x86_64-pc-linux-gnu/bin/../lib/gcc/nios2-elf/5.3.0/mno-hw-mul/libgcc.a(lib2-divmod.o)
 .debug_aranges
                0x0000000000000070       0x20 /home/arturo/intelFPGA_lite/17.0/nios2eds/bin/gnu/H-x86_64-pc-linux-gnu/bin/../lib/gcc/nios2-elf/5.3.0/mno-hw-mul/libgcc.a(lib2-mul.o)
 .debug_aranges
                0x0000000000000090       0x28 /home/arturo/intelFPGA_lite/17.0/nios2eds/bin/gnu/H-x86_64-pc-linux-gnu/bin/../lib/gcc/nios2-elf/5.3.0/../../../../../H-x86_64-pc-linux-gnu/nios2-elf/lib/mno-hw-mul/libsmallc.a(lib_a-printf.o)
 .debug_aranges
                0x00000000000000b8       0x30 /home/arturo/intelFPGA_lite/17.0/nios2eds/bin/gnu/H-x86_64-pc-linux-gnu/bin/../lib/gcc/nios2-elf/5.3.0/../../../../../H-x86_64-pc-linux-gnu/nios2-elf/lib/mno-hw-mul/libsmallc.a(lib_a-vfprintf.o)
 .debug_aranges
                0x00000000000000e8       0x20 /home/arturo/intelFPGA_lite/17.0/nios2eds/bin/gnu/H-x86_64-pc-linux-gnu/bin/../lib/gcc/nios2-elf/5.3.0/../../../../../H-x86_64-pc-linux-gnu/nios2-elf/lib/mno-hw-mul/libsmallc.a(lib_a-fvwrite_small_dev.o)
 .debug_aranges
                0x0000000000000108       0x18 /home/arturo/intelFPGA_lite/17.0/nios2eds/bin/gnu/H-x86_64-pc-linux-gnu/bin/../lib/gcc/nios2-elf/5.3.0/../../../../../H-x86_64-pc-linux-gnu/nios2-elf/lib/mno-hw-mul/libsmallc.a(lib_a-impure.o)
 .debug_aranges
                0x0000000000000120       0x20 /home/arturo/intelFPGA_lite/17.0/nios2eds/bin/gnu/H-x86_64-pc-linux-gnu/bin/../lib/gcc/nios2-elf/5.3.0/../../../../../H-x86_64-pc-linux-gnu/nios2-elf/lib/mno-hw-mul/libsmallc.a(lib_a-strlen.o)
 .debug_aranges
                0x0000000000000140       0x20 /home/arturo/intelFPGA_lite/17.0/nios2eds/bin/gnu/H-x86_64-pc-linux-gnu/bin/../lib/gcc/nios2-elf/5.3.0/../../../../../H-x86_64-pc-linux-gnu/nios2-elf/lib/mno-hw-mul/libsmallc.a(lib_a-writer.o)
 .debug_aranges
                0x0000000000000160       0x18 /home/arturo/intelFPGA_lite/17.0/nios2eds/bin/gnu/H-x86_64-pc-linux-gnu/bin/../lib/gcc/nios2-elf/5.3.0/../../../../../H-x86_64-pc-linux-gnu/nios2-elf/lib/mno-hw-mul/libsmallc.a(lib_a-int_errno.o)
 .debug_aranges
                0x0000000000000178       0x20 ../clock_bsp//libhal_bsp.a(alt_busy_sleep.o)
 .debug_aranges
                0x0000000000000198       0x20 ../clock_bsp//libhal_bsp.a(alt_load.o)
 .debug_aranges
                0x00000000000001b8       0x20 ../clock_bsp//libhal_bsp.a(alt_main.o)
 .debug_aranges
                0x00000000000001d8       0x20 ../clock_bsp//libhal_bsp.a(alt_putstr.o)
 .debug_aranges
                0x00000000000001f8       0x20 ../clock_bsp//libhal_bsp.a(alt_write.o)
 .debug_aranges
                0x0000000000000218       0x20 ../clock_bsp//libhal_bsp.a(alt_sys_init.o)
 .debug_aranges
                0x0000000000000238       0x20 ../clock_bsp//libhal_bsp.a(altera_avalon_jtag_uart_write.o)
 .debug_aranges
                0x0000000000000258       0x20 ../clock_bsp//libhal_bsp.a(alt_dcache_flush_all.o)
 .debug_aranges
                0x0000000000000278       0x18 ../clock_bsp//libhal_bsp.a(alt_errno.o)
 .debug_aranges
                0x0000000000000290       0x20 ../clock_bsp//libhal_bsp.a(alt_icache_flush_all.o)
 .debug_aranges
                0x00000000000002b0       0x20 ../clock_bsp//libhal_bsp.a(altera_nios2_gen2_irq.o)

.debug_pubnames
 *(.debug_pubnames)

.debug_info     0x0000000000000000     0x3fda
 *(.debug_info .gnu.linkonce.wi.*)
 .debug_info    0x0000000000000000       0x6b ../clock_bsp//obj/HAL/src/crt0.o
 .debug_info    0x000000000000006b      0xa57 obj/default/hello_world_small.o
 .debug_info    0x0000000000000ac2      0x2c6 /home/arturo/intelFPGA_lite/17.0/nios2eds/bin/gnu/H-x86_64-pc-linux-gnu/bin/../lib/gcc/nios2-elf/5.3.0/mno-hw-mul/libgcc.a(lib2-divmod.o)
 .debug_info    0x0000000000000d88       0xb4 /home/arturo/intelFPGA_lite/17.0/nios2eds/bin/gnu/H-x86_64-pc-linux-gnu/bin/../lib/gcc/nios2-elf/5.3.0/mno-hw-mul/libgcc.a(lib2-mul.o)
 .debug_info    0x0000000000000e3c      0x699 /home/arturo/intelFPGA_lite/17.0/nios2eds/bin/gnu/H-x86_64-pc-linux-gnu/bin/../lib/gcc/nios2-elf/5.3.0/../../../../../H-x86_64-pc-linux-gnu/nios2-elf/lib/mno-hw-mul/libsmallc.a(lib_a-printf.o)
 .debug_info    0x00000000000014d5      0xb2b /home/arturo/intelFPGA_lite/17.0/nios2eds/bin/gnu/H-x86_64-pc-linux-gnu/bin/../lib/gcc/nios2-elf/5.3.0/../../../../../H-x86_64-pc-linux-gnu/nios2-elf/lib/mno-hw-mul/libsmallc.a(lib_a-vfprintf.o)
 .debug_info    0x0000000000002000      0x62b /home/arturo/intelFPGA_lite/17.0/nios2eds/bin/gnu/H-x86_64-pc-linux-gnu/bin/../lib/gcc/nios2-elf/5.3.0/../../../../../H-x86_64-pc-linux-gnu/nios2-elf/lib/mno-hw-mul/libsmallc.a(lib_a-fvwrite_small_dev.o)
 .debug_info    0x000000000000262b      0x5a9 /home/arturo/intelFPGA_lite/17.0/nios2eds/bin/gnu/H-x86_64-pc-linux-gnu/bin/../lib/gcc/nios2-elf/5.3.0/../../../../../H-x86_64-pc-linux-gnu/nios2-elf/lib/mno-hw-mul/libsmallc.a(lib_a-impure.o)
 .debug_info    0x0000000000002bd4       0xc9 /home/arturo/intelFPGA_lite/17.0/nios2eds/bin/gnu/H-x86_64-pc-linux-gnu/bin/../lib/gcc/nios2-elf/5.3.0/../../../../../H-x86_64-pc-linux-gnu/nios2-elf/lib/mno-hw-mul/libsmallc.a(lib_a-strlen.o)
 .debug_info    0x0000000000002c9d      0x630 /home/arturo/intelFPGA_lite/17.0/nios2eds/bin/gnu/H-x86_64-pc-linux-gnu/bin/../lib/gcc/nios2-elf/5.3.0/../../../../../H-x86_64-pc-linux-gnu/nios2-elf/lib/mno-hw-mul/libsmallc.a(lib_a-writer.o)
 .debug_info    0x00000000000032cd       0x8a /home/arturo/intelFPGA_lite/17.0/nios2eds/bin/gnu/H-x86_64-pc-linux-gnu/bin/../lib/gcc/nios2-elf/5.3.0/../../../../../H-x86_64-pc-linux-gnu/nios2-elf/lib/mno-hw-mul/libsmallc.a(lib_a-int_errno.o)
 .debug_info    0x0000000000003357       0xd8 ../clock_bsp//libhal_bsp.a(alt_busy_sleep.o)
 .debug_info    0x000000000000342f      0x1c9 ../clock_bsp//libhal_bsp.a(alt_load.o)
 .debug_info    0x00000000000035f8      0x169 ../clock_bsp//libhal_bsp.a(alt_main.o)
 .debug_info    0x0000000000003761      0x13a ../clock_bsp//libhal_bsp.a(alt_putstr.o)
 .debug_info    0x000000000000389b      0x1c7 ../clock_bsp//libhal_bsp.a(alt_write.o)
 .debug_info    0x0000000000003a62      0x185 ../clock_bsp//libhal_bsp.a(alt_sys_init.o)
 .debug_info    0x0000000000003be7      0x197 ../clock_bsp//libhal_bsp.a(altera_avalon_jtag_uart_write.o)
 .debug_info    0x0000000000003d7e       0x92 ../clock_bsp//libhal_bsp.a(alt_dcache_flush_all.o)
 .debug_info    0x0000000000003e10       0xa6 ../clock_bsp//libhal_bsp.a(alt_errno.o)
 .debug_info    0x0000000000003eb6       0x92 ../clock_bsp//libhal_bsp.a(alt_icache_flush_all.o)
 .debug_info    0x0000000000003f48       0x92 ../clock_bsp//libhal_bsp.a(altera_nios2_gen2_irq.o)

.debug_abbrev   0x0000000000000000     0x1539
 *(.debug_abbrev)
 .debug_abbrev  0x0000000000000000       0x12 ../clock_bsp//obj/HAL/src/crt0.o
 .debug_abbrev  0x0000000000000012      0x269 obj/default/hello_world_small.o
 .debug_abbrev  0x000000000000027b      0x10e /home/arturo/intelFPGA_lite/17.0/nios2eds/bin/gnu/H-x86_64-pc-linux-gnu/bin/../lib/gcc/nios2-elf/5.3.0/mno-hw-mul/libgcc.a(lib2-divmod.o)
 .debug_abbrev  0x0000000000000389       0x6f /home/arturo/intelFPGA_lite/17.0/nios2eds/bin/gnu/H-x86_64-pc-linux-gnu/bin/../lib/gcc/nios2-elf/5.3.0/mno-hw-mul/libgcc.a(lib2-mul.o)
 .debug_abbrev  0x00000000000003f8      0x1ee /home/arturo/intelFPGA_lite/17.0/nios2eds/bin/gnu/H-x86_64-pc-linux-gnu/bin/../lib/gcc/nios2-elf/5.3.0/../../../../../H-x86_64-pc-linux-gnu/nios2-elf/lib/mno-hw-mul/libsmallc.a(lib_a-printf.o)
 .debug_abbrev  0x00000000000005e6      0x2a1 /home/arturo/intelFPGA_lite/17.0/nios2eds/bin/gnu/H-x86_64-pc-linux-gnu/bin/../lib/gcc/nios2-elf/5.3.0/../../../../../H-x86_64-pc-linux-gnu/nios2-elf/lib/mno-hw-mul/libsmallc.a(lib_a-vfprintf.o)
 .debug_abbrev  0x0000000000000887      0x1bc /home/arturo/intelFPGA_lite/17.0/nios2eds/bin/gnu/H-x86_64-pc-linux-gnu/bin/../lib/gcc/nios2-elf/5.3.0/../../../../../H-x86_64-pc-linux-gnu/nios2-elf/lib/mno-hw-mul/libsmallc.a(lib_a-fvwrite_small_dev.o)
 .debug_abbrev  0x0000000000000a43      0x14a /home/arturo/intelFPGA_lite/17.0/nios2eds/bin/gnu/H-x86_64-pc-linux-gnu/bin/../lib/gcc/nios2-elf/5.3.0/../../../../../H-x86_64-pc-linux-gnu/nios2-elf/lib/mno-hw-mul/libsmallc.a(lib_a-impure.o)
 .debug_abbrev  0x0000000000000b8d       0x7f /home/arturo/intelFPGA_lite/17.0/nios2eds/bin/gnu/H-x86_64-pc-linux-gnu/bin/../lib/gcc/nios2-elf/5.3.0/../../../../../H-x86_64-pc-linux-gnu/nios2-elf/lib/mno-hw-mul/libsmallc.a(lib_a-strlen.o)
 .debug_abbrev  0x0000000000000c0c      0x1a6 /home/arturo/intelFPGA_lite/17.0/nios2eds/bin/gnu/H-x86_64-pc-linux-gnu/bin/../lib/gcc/nios2-elf/5.3.0/../../../../../H-x86_64-pc-linux-gnu/nios2-elf/lib/mno-hw-mul/libsmallc.a(lib_a-writer.o)
 .debug_abbrev  0x0000000000000db2       0x37 /home/arturo/intelFPGA_lite/17.0/nios2eds/bin/gnu/H-x86_64-pc-linux-gnu/bin/../lib/gcc/nios2-elf/5.3.0/../../../../../H-x86_64-pc-linux-gnu/nios2-elf/lib/mno-hw-mul/libsmallc.a(lib_a-int_errno.o)
 .debug_abbrev  0x0000000000000de9       0x8d ../clock_bsp//libhal_bsp.a(alt_busy_sleep.o)
 .debug_abbrev  0x0000000000000e76       0xd8 ../clock_bsp//libhal_bsp.a(alt_load.o)
 .debug_abbrev  0x0000000000000f4e       0xee ../clock_bsp//libhal_bsp.a(alt_main.o)
 .debug_abbrev  0x000000000000103c       0xd3 ../clock_bsp//libhal_bsp.a(alt_putstr.o)
 .debug_abbrev  0x000000000000110f      0x12e ../clock_bsp//libhal_bsp.a(alt_write.o)
 .debug_abbrev  0x000000000000123d      0x107 ../clock_bsp//libhal_bsp.a(alt_sys_init.o)
 .debug_abbrev  0x0000000000001344       0xd5 ../clock_bsp//libhal_bsp.a(altera_avalon_jtag_uart_write.o)
 .debug_abbrev  0x0000000000001419       0x42 ../clock_bsp//libhal_bsp.a(alt_dcache_flush_all.o)
 .debug_abbrev  0x000000000000145b       0x5a ../clock_bsp//libhal_bsp.a(alt_errno.o)
 .debug_abbrev  0x00000000000014b5       0x42 ../clock_bsp//libhal_bsp.a(alt_icache_flush_all.o)
 .debug_abbrev  0x00000000000014f7       0x42 ../clock_bsp//libhal_bsp.a(altera_nios2_gen2_irq.o)

.debug_line     0x0000000000000000     0x17a1
 *(.debug_line)
 .debug_line    0x0000000000000000       0x66 ../clock_bsp//obj/HAL/src/crt0.o
 .debug_line    0x0000000000000066      0x1f9 obj/default/hello_world_small.o
 .debug_line    0x000000000000025f      0x105 /home/arturo/intelFPGA_lite/17.0/nios2eds/bin/gnu/H-x86_64-pc-linux-gnu/bin/../lib/gcc/nios2-elf/5.3.0/mno-hw-mul/libgcc.a(lib2-divmod.o)
 .debug_line    0x0000000000000364       0x80 /home/arturo/intelFPGA_lite/17.0/nios2eds/bin/gnu/H-x86_64-pc-linux-gnu/bin/../lib/gcc/nios2-elf/5.3.0/mno-hw-mul/libgcc.a(lib2-mul.o)
 .debug_line    0x00000000000003e4      0x203 /home/arturo/intelFPGA_lite/17.0/nios2eds/bin/gnu/H-x86_64-pc-linux-gnu/bin/../lib/gcc/nios2-elf/5.3.0/../../../../../H-x86_64-pc-linux-gnu/nios2-elf/lib/mno-hw-mul/libsmallc.a(lib_a-printf.o)
 .debug_line    0x00000000000005e7      0x351 /home/arturo/intelFPGA_lite/17.0/nios2eds/bin/gnu/H-x86_64-pc-linux-gnu/bin/../lib/gcc/nios2-elf/5.3.0/../../../../../H-x86_64-pc-linux-gnu/nios2-elf/lib/mno-hw-mul/libsmallc.a(lib_a-vfprintf.o)
 .debug_line    0x0000000000000938      0x1f0 /home/arturo/intelFPGA_lite/17.0/nios2eds/bin/gnu/H-x86_64-pc-linux-gnu/bin/../lib/gcc/nios2-elf/5.3.0/../../../../../H-x86_64-pc-linux-gnu/nios2-elf/lib/mno-hw-mul/libsmallc.a(lib_a-fvwrite_small_dev.o)
 .debug_line    0x0000000000000b28      0x156 /home/arturo/intelFPGA_lite/17.0/nios2eds/bin/gnu/H-x86_64-pc-linux-gnu/bin/../lib/gcc/nios2-elf/5.3.0/../../../../../H-x86_64-pc-linux-gnu/nios2-elf/lib/mno-hw-mul/libsmallc.a(lib_a-impure.o)
 .debug_line    0x0000000000000c7e      0x15c /home/arturo/intelFPGA_lite/17.0/nios2eds/bin/gnu/H-x86_64-pc-linux-gnu/bin/../lib/gcc/nios2-elf/5.3.0/../../../../../H-x86_64-pc-linux-gnu/nios2-elf/lib/mno-hw-mul/libsmallc.a(lib_a-strlen.o)
 .debug_line    0x0000000000000dda      0x1ed /home/arturo/intelFPGA_lite/17.0/nios2eds/bin/gnu/H-x86_64-pc-linux-gnu/bin/../lib/gcc/nios2-elf/5.3.0/../../../../../H-x86_64-pc-linux-gnu/nios2-elf/lib/mno-hw-mul/libsmallc.a(lib_a-writer.o)
 .debug_line    0x0000000000000fc7       0x5f /home/arturo/intelFPGA_lite/17.0/nios2eds/bin/gnu/H-x86_64-pc-linux-gnu/bin/../lib/gcc/nios2-elf/5.3.0/../../../../../H-x86_64-pc-linux-gnu/nios2-elf/lib/mno-hw-mul/libsmallc.a(lib_a-int_errno.o)
 .debug_line    0x0000000000001026       0xb5 ../clock_bsp//libhal_bsp.a(alt_busy_sleep.o)
 .debug_line    0x00000000000010db       0xa4 ../clock_bsp//libhal_bsp.a(alt_load.o)
 .debug_line    0x000000000000117f       0xbd ../clock_bsp//libhal_bsp.a(alt_main.o)
 .debug_line    0x000000000000123c       0xaf ../clock_bsp//libhal_bsp.a(alt_putstr.o)
 .debug_line    0x00000000000012eb      0x188 ../clock_bsp//libhal_bsp.a(alt_write.o)
 .debug_line    0x0000000000001473      0x101 ../clock_bsp//libhal_bsp.a(alt_sys_init.o)
 .debug_line    0x0000000000001574       0xf0 ../clock_bsp//libhal_bsp.a(altera_avalon_jtag_uart_write.o)
 .debug_line    0x0000000000001664       0x4e ../clock_bsp//libhal_bsp.a(alt_dcache_flush_all.o)
 .debug_line    0x00000000000016b2       0x51 ../clock_bsp//libhal_bsp.a(alt_errno.o)
 .debug_line    0x0000000000001703       0x4e ../clock_bsp//libhal_bsp.a(alt_icache_flush_all.o)
 .debug_line    0x0000000000001751       0x50 ../clock_bsp//libhal_bsp.a(altera_nios2_gen2_irq.o)

.debug_frame    0x0000000000000000      0x4f0
 *(.debug_frame)
 .debug_frame   0x0000000000000000      0x158 obj/default/hello_world_small.o
 .debug_frame   0x0000000000000158       0x50 /home/arturo/intelFPGA_lite/17.0/nios2eds/bin/gnu/H-x86_64-pc-linux-gnu/bin/../lib/gcc/nios2-elf/5.3.0/mno-hw-mul/libgcc.a(lib2-divmod.o)
 .debug_frame   0x00000000000001a8       0x20 /home/arturo/intelFPGA_lite/17.0/nios2eds/bin/gnu/H-x86_64-pc-linux-gnu/bin/../lib/gcc/nios2-elf/5.3.0/mno-hw-mul/libgcc.a(lib2-mul.o)
 .debug_frame   0x00000000000001c8       0x48 /home/arturo/intelFPGA_lite/17.0/nios2eds/bin/gnu/H-x86_64-pc-linux-gnu/bin/../lib/gcc/nios2-elf/5.3.0/../../../../../H-x86_64-pc-linux-gnu/nios2-elf/lib/mno-hw-mul/libsmallc.a(lib_a-printf.o)
 .debug_frame   0x0000000000000210       0x8c /home/arturo/intelFPGA_lite/17.0/nios2eds/bin/gnu/H-x86_64-pc-linux-gnu/bin/../lib/gcc/nios2-elf/5.3.0/../../../../../H-x86_64-pc-linux-gnu/nios2-elf/lib/mno-hw-mul/libsmallc.a(lib_a-vfprintf.o)
 .debug_frame   0x000000000000029c       0x58 /home/arturo/intelFPGA_lite/17.0/nios2eds/bin/gnu/H-x86_64-pc-linux-gnu/bin/../lib/gcc/nios2-elf/5.3.0/../../../../../H-x86_64-pc-linux-gnu/nios2-elf/lib/mno-hw-mul/libsmallc.a(lib_a-fvwrite_small_dev.o)
 .debug_frame   0x00000000000002f4       0x20 /home/arturo/intelFPGA_lite/17.0/nios2eds/bin/gnu/H-x86_64-pc-linux-gnu/bin/../lib/gcc/nios2-elf/5.3.0/../../../../../H-x86_64-pc-linux-gnu/nios2-elf/lib/mno-hw-mul/libsmallc.a(lib_a-strlen.o)
 .debug_frame   0x0000000000000314       0x38 /home/arturo/intelFPGA_lite/17.0/nios2eds/bin/gnu/H-x86_64-pc-linux-gnu/bin/../lib/gcc/nios2-elf/5.3.0/../../../../../H-x86_64-pc-linux-gnu/nios2-elf/lib/mno-hw-mul/libsmallc.a(lib_a-writer.o)
 .debug_frame   0x000000000000034c       0x30 ../clock_bsp//libhal_bsp.a(alt_busy_sleep.o)
 .debug_frame   0x000000000000037c       0x30 ../clock_bsp//libhal_bsp.a(alt_load.o)
 .debug_frame   0x00000000000003ac       0x2c ../clock_bsp//libhal_bsp.a(alt_main.o)
 .debug_frame   0x00000000000003d8       0x30 ../clock_bsp//libhal_bsp.a(alt_putstr.o)
 .debug_frame   0x0000000000000408       0x2c ../clock_bsp//libhal_bsp.a(alt_write.o)
 .debug_frame   0x0000000000000434       0x3c ../clock_bsp//libhal_bsp.a(alt_sys_init.o)
 .debug_frame   0x0000000000000470       0x20 ../clock_bsp//libhal_bsp.a(altera_avalon_jtag_uart_write.o)
 .debug_frame   0x0000000000000490       0x20 ../clock_bsp//libhal_bsp.a(alt_dcache_flush_all.o)
 .debug_frame   0x00000000000004b0       0x20 ../clock_bsp//libhal_bsp.a(alt_icache_flush_all.o)
 .debug_frame   0x00000000000004d0       0x20 ../clock_bsp//libhal_bsp.a(altera_nios2_gen2_irq.o)

.debug_str      0x0000000000000000     0x108f
 *(.debug_str)
 .debug_str     0x0000000000000000      0x220 obj/default/hello_world_small.o
                                        0x26f (size before relaxing)
 .debug_str     0x0000000000000220      0x188 /home/arturo/intelFPGA_lite/17.0/nios2eds/bin/gnu/H-x86_64-pc-linux-gnu/bin/../lib/gcc/nios2-elf/5.3.0/mno-hw-mul/libgcc.a(lib2-divmod.o)
                                        0x1d3 (size before relaxing)
 .debug_str     0x00000000000003a8       0x40 /home/arturo/intelFPGA_lite/17.0/nios2eds/bin/gnu/H-x86_64-pc-linux-gnu/bin/../lib/gcc/nios2-elf/5.3.0/mno-hw-mul/libgcc.a(lib2-mul.o)
                                        0x194 (size before relaxing)
 .debug_str     0x00000000000003e8      0x432 /home/arturo/intelFPGA_lite/17.0/nios2eds/bin/gnu/H-x86_64-pc-linux-gnu/bin/../lib/gcc/nios2-elf/5.3.0/../../../../../H-x86_64-pc-linux-gnu/nios2-elf/lib/mno-hw-mul/libsmallc.a(lib_a-printf.o)
                                        0x505 (size before relaxing)
 .debug_str     0x000000000000081a      0x1ff /home/arturo/intelFPGA_lite/17.0/nios2eds/bin/gnu/H-x86_64-pc-linux-gnu/bin/../lib/gcc/nios2-elf/5.3.0/../../../../../H-x86_64-pc-linux-gnu/nios2-elf/lib/mno-hw-mul/libsmallc.a(lib_a-vfprintf.o)
                                        0x680 (size before relaxing)
 .debug_str     0x0000000000000a19       0x78 /home/arturo/intelFPGA_lite/17.0/nios2eds/bin/gnu/H-x86_64-pc-linux-gnu/bin/../lib/gcc/nios2-elf/5.3.0/../../../../../H-x86_64-pc-linux-gnu/nios2-elf/lib/mno-hw-mul/libsmallc.a(lib_a-fvwrite_small_dev.o)
                                        0x4d5 (size before relaxing)
 .debug_str     0x0000000000000a91       0xf0 /home/arturo/intelFPGA_lite/17.0/nios2eds/bin/gnu/H-x86_64-pc-linux-gnu/bin/../lib/gcc/nios2-elf/5.3.0/../../../../../H-x86_64-pc-linux-gnu/nios2-elf/lib/mno-hw-mul/libsmallc.a(lib_a-impure.o)
                                        0x4bf (size before relaxing)
 .debug_str     0x0000000000000b81       0xd3 /home/arturo/intelFPGA_lite/17.0/nios2eds/bin/gnu/H-x86_64-pc-linux-gnu/bin/../lib/gcc/nios2-elf/5.3.0/../../../../../H-x86_64-pc-linux-gnu/nios2-elf/lib/mno-hw-mul/libsmallc.a(lib_a-strlen.o)
                                        0x1e6 (size before relaxing)
 .debug_str     0x0000000000000c54       0x45 /home/arturo/intelFPGA_lite/17.0/nios2eds/bin/gnu/H-x86_64-pc-linux-gnu/bin/../lib/gcc/nios2-elf/5.3.0/../../../../../H-x86_64-pc-linux-gnu/nios2-elf/lib/mno-hw-mul/libsmallc.a(lib_a-writer.o)
                                        0x4b9 (size before relaxing)
 .debug_str     0x0000000000000c99       0x3f /home/arturo/intelFPGA_lite/17.0/nios2eds/bin/gnu/H-x86_64-pc-linux-gnu/bin/../lib/gcc/nios2-elf/5.3.0/../../../../../H-x86_64-pc-linux-gnu/nios2-elf/lib/mno-hw-mul/libsmallc.a(lib_a-int_errno.o)
                                        0x1d9 (size before relaxing)
 .debug_str     0x0000000000000cd8       0x72 ../clock_bsp//libhal_bsp.a(alt_busy_sleep.o)
                                        0x168 (size before relaxing)
 .debug_str     0x0000000000000d4a      0x113 ../clock_bsp//libhal_bsp.a(alt_load.o)
                                        0x239 (size before relaxing)
 .debug_str     0x0000000000000e5d       0x8a ../clock_bsp//libhal_bsp.a(alt_main.o)
                                        0x1b2 (size before relaxing)
 .debug_str     0x0000000000000ee7       0x5d ../clock_bsp//libhal_bsp.a(alt_putstr.o)
                                        0x18d (size before relaxing)
 .debug_str     0x0000000000000f44       0x2c ../clock_bsp//libhal_bsp.a(alt_write.o)
                                        0x1db (size before relaxing)
 .debug_str     0x0000000000000f70       0x81 ../clock_bsp//libhal_bsp.a(alt_sys_init.o)
                                        0x221 (size before relaxing)
 .debug_str     0x0000000000000ff1       0x2c ../clock_bsp//libhal_bsp.a(altera_avalon_jtag_uart_write.o)
                                        0x212 (size before relaxing)
 .debug_str     0x000000000000101d       0x1f ../clock_bsp//libhal_bsp.a(alt_dcache_flush_all.o)
                                        0x152 (size before relaxing)
 .debug_str     0x000000000000103c       0x14 ../clock_bsp//libhal_bsp.a(alt_errno.o)
                                        0x142 (size before relaxing)
 .debug_str     0x0000000000001050       0x1f ../clock_bsp//libhal_bsp.a(alt_icache_flush_all.o)
                                        0x152 (size before relaxing)
 .debug_str     0x000000000000106f       0x20 ../clock_bsp//libhal_bsp.a(altera_nios2_gen2_irq.o)
                                        0x159 (size before relaxing)

.debug_loc      0x0000000000000000     0x1add
 *(.debug_loc)
 .debug_loc     0x0000000000000000      0x776 obj/default/hello_world_small.o
 .debug_loc     0x0000000000000776      0x4ce /home/arturo/intelFPGA_lite/17.0/nios2eds/bin/gnu/H-x86_64-pc-linux-gnu/bin/../lib/gcc/nios2-elf/5.3.0/mno-hw-mul/libgcc.a(lib2-divmod.o)
 .debug_loc     0x0000000000000c44       0x93 /home/arturo/intelFPGA_lite/17.0/nios2eds/bin/gnu/H-x86_64-pc-linux-gnu/bin/../lib/gcc/nios2-elf/5.3.0/mno-hw-mul/libgcc.a(lib2-mul.o)
 .debug_loc     0x0000000000000cd7       0xc6 /home/arturo/intelFPGA_lite/17.0/nios2eds/bin/gnu/H-x86_64-pc-linux-gnu/bin/../lib/gcc/nios2-elf/5.3.0/../../../../../H-x86_64-pc-linux-gnu/nios2-elf/lib/mno-hw-mul/libsmallc.a(lib_a-printf.o)
 .debug_loc     0x0000000000000d9d      0x954 /home/arturo/intelFPGA_lite/17.0/nios2eds/bin/gnu/H-x86_64-pc-linux-gnu/bin/../lib/gcc/nios2-elf/5.3.0/../../../../../H-x86_64-pc-linux-gnu/nios2-elf/lib/mno-hw-mul/libsmallc.a(lib_a-vfprintf.o)
 .debug_loc     0x00000000000016f1      0x110 /home/arturo/intelFPGA_lite/17.0/nios2eds/bin/gnu/H-x86_64-pc-linux-gnu/bin/../lib/gcc/nios2-elf/5.3.0/../../../../../H-x86_64-pc-linux-gnu/nios2-elf/lib/mno-hw-mul/libsmallc.a(lib_a-fvwrite_small_dev.o)
 .debug_loc     0x0000000000001801       0x1e /home/arturo/intelFPGA_lite/17.0/nios2eds/bin/gnu/H-x86_64-pc-linux-gnu/bin/../lib/gcc/nios2-elf/5.3.0/../../../../../H-x86_64-pc-linux-gnu/nios2-elf/lib/mno-hw-mul/libsmallc.a(lib_a-strlen.o)
 .debug_loc     0x000000000000181f       0xa5 /home/arturo/intelFPGA_lite/17.0/nios2eds/bin/gnu/H-x86_64-pc-linux-gnu/bin/../lib/gcc/nios2-elf/5.3.0/../../../../../H-x86_64-pc-linux-gnu/nios2-elf/lib/mno-hw-mul/libsmallc.a(lib_a-writer.o)
 .debug_loc     0x00000000000018c4       0x67 ../clock_bsp//libhal_bsp.a(alt_busy_sleep.o)
 .debug_loc     0x000000000000192b       0x37 ../clock_bsp//libhal_bsp.a(alt_putstr.o)
 .debug_loc     0x0000000000001962       0xcf ../clock_bsp//libhal_bsp.a(alt_write.o)
 .debug_loc     0x0000000000001a31       0x21 ../clock_bsp//libhal_bsp.a(alt_sys_init.o)
 .debug_loc     0x0000000000001a52       0x8b ../clock_bsp//libhal_bsp.a(altera_avalon_jtag_uart_write.o)

.debug_macinfo
 *(.debug_macinfo)

.debug_weaknames
 *(.debug_weaknames)

.debug_funcnames
 *(.debug_funcnames)

.debug_typenames
 *(.debug_typenames)

.debug_varnames
 *(.debug_varnames)

.debug_alt_sim_info
                0x0000000000000000       0x40
 *(.debug_alt_sim_info)
 .debug_alt_sim_info
                0x0000000000000000       0x10 ../clock_bsp//obj/HAL/src/crt0.o
 .debug_alt_sim_info
                0x0000000000000010       0x30 ../clock_bsp//libhal_bsp.a(alt_busy_sleep.o)
                0x0000000000008000                __alt_data_end = 0x8000
                0x0000000000008000                PROVIDE (__alt_stack_pointer, __alt_data_end)
                [!provide]                        PROVIDE (__alt_stack_limit, __alt_stack_base)
                [!provide]                        PROVIDE (__alt_heap_start, end)
                [!provide]                        PROVIDE (__alt_heap_limit, 0x8000)
OUTPUT(clock.elf elf32-littlenios2)

.debug_ranges   0x0000000000000000      0x228
 .debug_ranges  0x0000000000000000       0x20 ../clock_bsp//obj/HAL/src/crt0.o
 .debug_ranges  0x0000000000000020       0x18 obj/default/hello_world_small.o
 .debug_ranges  0x0000000000000038       0x60 /home/arturo/intelFPGA_lite/17.0/nios2eds/bin/gnu/H-x86_64-pc-linux-gnu/bin/../lib/gcc/nios2-elf/5.3.0/mno-hw-mul/libgcc.a(lib2-divmod.o)
 .debug_ranges  0x0000000000000098       0x18 /home/arturo/intelFPGA_lite/17.0/nios2eds/bin/gnu/H-x86_64-pc-linux-gnu/bin/../lib/gcc/nios2-elf/5.3.0/../../../../../H-x86_64-pc-linux-gnu/nios2-elf/lib/mno-hw-mul/libsmallc.a(lib_a-printf.o)
 .debug_ranges  0x00000000000000b0       0xc8 /home/arturo/intelFPGA_lite/17.0/nios2eds/bin/gnu/H-x86_64-pc-linux-gnu/bin/../lib/gcc/nios2-elf/5.3.0/../../../../../H-x86_64-pc-linux-gnu/nios2-elf/lib/mno-hw-mul/libsmallc.a(lib_a-vfprintf.o)
 .debug_ranges  0x0000000000000178       0x28 /home/arturo/intelFPGA_lite/17.0/nios2eds/bin/gnu/H-x86_64-pc-linux-gnu/bin/../lib/gcc/nios2-elf/5.3.0/../../../../../H-x86_64-pc-linux-gnu/nios2-elf/lib/mno-hw-mul/libsmallc.a(lib_a-fvwrite_small_dev.o)
 .debug_ranges  0x00000000000001a0       0x10 /home/arturo/intelFPGA_lite/17.0/nios2eds/bin/gnu/H-x86_64-pc-linux-gnu/bin/../lib/gcc/nios2-elf/5.3.0/../../../../../H-x86_64-pc-linux-gnu/nios2-elf/lib/mno-hw-mul/libsmallc.a(lib_a-strlen.o)
 .debug_ranges  0x00000000000001b0       0x10 /home/arturo/intelFPGA_lite/17.0/nios2eds/bin/gnu/H-x86_64-pc-linux-gnu/bin/../lib/gcc/nios2-elf/5.3.0/../../../../../H-x86_64-pc-linux-gnu/nios2-elf/lib/mno-hw-mul/libsmallc.a(lib_a-writer.o)
 .debug_ranges  0x00000000000001c0       0x48 ../clock_bsp//libhal_bsp.a(alt_load.o)
 .debug_ranges  0x0000000000000208       0x20 ../clock_bsp//libhal_bsp.a(alt_write.o)
